// Jest Snapshot v1, https://goo.gl/fbAQLP

exports[`azure-prepare - Trigger Tests Trigger Keywords Snapshot skill description triggers match snapshot 1`] = `
{
  "description": "Default entry point for Azure application development. Invoke this skill for ANY application work related to Azure: creating apps, building features, adding components, updating code, migrating, or modernizing. Analyzes your project and prepares it for Azure deployment by generating infrastructure code (Bicep/Terraform), azure.yaml configuration, and Dockerfiles. USE FOR: create an app, build a web app, create API, create frontend, create backend, add a feature, build a service, make an application, develop a project, migrate my app, modernize my code, update my application, add database, add authentication, add caching, deploy to Azure, host on Azure, Azure with Terraform (defaults to azd+Terraform), Azure with azd, generate azure.yaml, generate Bicep or Terraform, prepare Azure Functions. DO NOT USE FOR: only validating an already-prepared app (use azure-validate), only running azd up/deploy (use azure-deploy), pure Terraform without azd (prefer azd+Terraform).",
  "extractedKeywords": [
    "adding",
    "already-prepared",
    "analyzes",
    "application",
    "apps",
    "authentication",
    "azure",
    "azure-deploy",
    "azure-validate",
    "backend",
    "bicep",
    "build",
    "building",
    "caching",
    "cli",
    "code",
    "components",
    "configuration",
    "create",
    "creating",
    "database",
    "default",
    "defaults",
    "deploy",
    "deployment",
    "develop",
    "development",
    "dockerfiles",
    "entry",
    "feature",
    "features",
    "frontend",
    "function",
    "functions",
    "generate",
    "generating",
    "host",
    "identity",
    "infrastructure",
    "invoke",
    "make",
    "migrate",
    "migrating",
    "modernize",
    "modernizing",
    "only",
    "point",
    "prefer",
    "prepare",
    "prepares",
    "project",
    "pure",
    "related",
    "running",
    "security",
    "service",
    "skill",
    "terraform",
    "this",
    "update",
    "updating",
    "validating",
    "validation",
    "with",
    "without",
    "work",
    "yaml",
    "your",
  ],
  "name": "azure-prepare",
}
`;

exports[`azure-prepare - Trigger Tests Trigger Keywords Snapshot skill keywords match snapshot 1`] = `
[
  "adding",
  "already-prepared",
  "analyzes",
  "application",
  "apps",
  "authentication",
  "azure",
  "azure-deploy",
  "azure-validate",
  "backend",
  "bicep",
  "build",
  "building",
  "caching",
  "cli",
  "code",
  "components",
  "configuration",
  "create",
  "creating",
  "database",
  "default",
  "defaults",
  "deploy",
  "deployment",
  "develop",
  "development",
  "dockerfiles",
  "entry",
  "feature",
  "features",
  "frontend",
  "function",
  "functions",
  "generate",
  "generating",
  "host",
  "identity",
  "infrastructure",
  "invoke",
  "make",
  "migrate",
  "migrating",
  "modernize",
  "modernizing",
  "only",
  "point",
  "prefer",
  "prepare",
  "prepares",
  "project",
  "pure",
  "related",
  "running",
  "security",
  "service",
  "skill",
  "terraform",
  "this",
  "update",
  "updating",
  "validating",
  "validation",
  "with",
  "without",
  "work",
  "yaml",
  "your",
]
`;
