// Jest Snapshot v1, https://jestjs.io/docs/snapshot-testing

exports[`azure-hosted-copilot-sdk - Trigger Tests Trigger Keywords Snapshot skill description triggers match snapshot 1`] = `
{
  "description": "Build and deploy GitHub Copilot SDK apps to Azure. USE FOR: build copilot app, create copilot app, copilot SDK, @github/copilot-sdk, scaffold copilot project, copilot-powered app, deploy copilot app, host on azure, azure model, BYOM, bring your own model, use my own model, azure openai model, DefaultAzureCredential, self-hosted model, copilot SDK service, chat app with copilot, copilot-sdk-service template, azd init copilot, CopilotClient, createSession, sendAndWait, GitHub Models API. DO NOT USE FOR: using Copilot (not building with it), Copilot Extensions, Azure Functions without Copilot, general web apps without copilot SDK, Foundry agent hosting (use microsoft-foundry skill), agent evaluation (use microsoft-foundry skill).",
  "extractedKeywords": [
    "agent",
    "apps",
    "azure",
    "bicep",
    "bring",
    "build",
    "building",
    "byom",
    "chat",
    "copilot",
    "copilot-powered",
    "copilot-sdk",
    "copilot-sdk-service",
    "copilotclient",
    "create",
    "createsession",
    "defaultazurecredential",
    "deploy",
    "evaluation",
    "extensions",
    "foundry",
    "functions",
    "general",
    "github",
    "host",
    "hosted",
    "hosting",
    "init",
    "microsoft-foundry",
    "model",
    "models",
    "openai",
    "project",
    "scaffold",
    "sdk",
    "self-hosted",
    "sendandwait",
    "service",
    "skill",
    "template",
    "using",
    "with",
    "without",
    "your",
  ],
  "name": "azure-hosted-copilot-sdk",
}
`;

exports[`azure-hosted-copilot-sdk - Trigger Tests Trigger Keywords Snapshot skill keywords match snapshot 1`] = `
[
  "agent",
  "apps",
  "azure",
  "bicep",
  "bring",
  "build",
  "building",
  "byom",
  "chat",
  "copilot",
  "copilot-powered",
  "copilot-sdk",
  "copilot-sdk-service",
  "copilotclient",
  "create",
  "createsession",
  "defaultazurecredential",
  "deploy",
  "evaluation",
  "extensions",
  "foundry",
  "functions",
  "general",
  "github",
  "host",
  "hosted",
  "hosting",
  "init",
  "microsoft-foundry",
  "model",
  "models",
  "openai",
  "project",
  "scaffold",
  "sdk",
  "self-hosted",
  "sendandwait",
  "service",
  "skill",
  "template",
  "using",
  "with",
  "without",
  "your",
]
`;
